=== M5.2 Reihenfolge-Knopf isoliert ===
Zeit: 2026-07-18T13:13:27
GPU: NVIDIA GB10   3 Runden Round-Robin, Median je Ordnung

Shape                        Tiles    order=0   order=1   order=2   order=3  best/o0
------------------------------------------------------------------------------------
a05                 128/128/64 8x8      64.34     65.83     66.60     62.04   1.035x
square_1b           128/128/64 8x8      60.81     62.40     64.60     59.60   1.062x
tall                128/128/64 8x8      63.00     61.00     63.01     59.64   1.000x
wide                128/128/64 8x8      58.00     59.23     57.48     61.80   1.066x
small_k             128/128/64 8x8      35.07     31.42     33.54     34.74   1.000x
large_k             128/128/64 8x8      43.07     44.19     43.60     42.93   1.026x
krumm               128/128/64 8x8      31.87     29.83     32.72     31.84   1.027x
batch16             128/128/64 8x8      43.26     43.35     42.77     41.51   1.002x
a06                 128/128/64 8x8      26.88     26.75     26.90     26.73   1.001x
a06_square          128/128/64 8x8      58.59     59.12     58.98     58.86   1.009x
a06_tall            128/128/64 8x8      31.25     30.92     30.80     30.73   1.000x
a06_wide            128/128/64 8x8      30.45     30.43     30.58     30.27   1.004x
a06_small_k         128/128/64 8x8      18.47     16.28     18.50     18.06   1.001x
a06_large_k         128/128/64 8x8      63.00     65.81     62.57     66.54   1.056x
a06_krumm           128/128/64 8x8      14.31     16.12     12.57     16.00   1.126x
a06_batch           128/128/64 8x8      56.83     55.81     57.16     56.23   1.006x

beste Ordnung / order=0: geom. Mittel 1.026x, max 1.126x, min 1.000x
