=== M5.2 Reihenfolge-Knopf isoliert ===
Zeit: 2026-07-18T18:02:30
GPU: NVIDIA GeForce RTX 3070   3 Runden Round-Robin, Median je Ordnung

Shape                        Tiles    order=0   order=1   order=2   order=3  best/o0
------------------------------------------------------------------------------------
a05                 128/128/64 8x8      33.36     33.88     31.66     28.45   1.016x
square_1b           128/128/64 8x8      33.59     32.95     32.54     32.86   1.000x
tall                128/128/64 8x8      28.25     26.25     28.13     27.73   1.000x
wide                128/128/64 8x8      31.25     31.28     28.06     30.39   1.001x
small_k             128/128/64 8x8      20.00     18.58     20.51     19.01   1.026x
large_k             128/128/64 8x8      21.03     20.79     20.47     21.55   1.025x
krumm               128/128/64 8x8       5.73      5.96      5.73      5.78   1.039x
batch16             128/128/64 8x8      25.48     25.19     25.87     24.72   1.015x
a06                 128/128/64 8x8      13.40     13.26     13.37     13.23   1.000x
a06_square          128/128/64 8x8      27.75     27.44     27.46     27.26   1.000x
a06_tall            128/128/64 8x8      15.90     15.40     16.00     15.23   1.006x
a06_wide            128/128/64 8x8      15.15     16.03     15.16     16.01   1.058x
a06_small_k         128/128/64 8x8      14.99     14.98     14.84     14.88   1.000x
a06_large_k         128/128/64 8x8      27.98     28.19     28.26     28.16   1.010x
a06_krumm           128/128/64 8x8       3.41      3.42      3.40      3.41   1.003x
a06_batch           128/128/64 8x8      28.04     27.95     28.04     28.00   1.000x

beste Ordnung / order=0: geom. Mittel 1.012x, max 1.058x, min 1.000x
