=== M3 Multi-Shape-Sweep ===
Zeit: 2026-06-28T18:51:59
GPU: NVIDIA GB10   do_bench warmup=50 rep=200

--- a05  (square, batch=4 (Referenz)) ---
einsum cmk, ckn -> cmn  shapes [(4, 4096, 4096), (4, 4096, 4096)]
enumeriert 486 -> 342 zu messen (144 verworfen)
best 66.62 TFLOPS | A: m_prim=128 n_prim=128 k_prim=64 m_l2=8 n_l2=2, Default 65.1 -> Gewinn 1.023x
342 ok, 0 fehlgeschlagen/inkorrekt   Sweep-Wall-Clock 170.4 s

--- square_1b  (square, batch=1) ---
einsum cmk, ckn -> cmn  shapes [(1, 4096, 4096), (1, 4096, 4096)]
enumeriert 486 -> 342 zu messen (144 verworfen)
best 64.57 TFLOPS | A: m_prim=128 n_prim=128 k_prim=64 m_l2=8 n_l2=4, Default 62.9 -> Gewinn 1.026x
342 ok, 0 fehlgeschlagen/inkorrekt   Sweep-Wall-Clock 100.7 s

--- tall  (rechteckig (M>>N)) ---
einsum cmk, ckn -> cmn  shapes [(1, 8192, 4096), (1, 4096, 1024)]
enumeriert 486 -> 342 zu messen (144 verworfen)
best 66.01 TFLOPS | A: m_prim=128 n_prim=128 k_prim=64 m_l2=4 n_l2=8, Default 64.8 -> Gewinn 1.018x
342 ok, 0 fehlgeschlagen/inkorrekt   Sweep-Wall-Clock 216.2 s

--- wide  (rechteckig (N>>M)) ---
einsum cmk, ckn -> cmn  shapes [(1, 1024, 4096), (1, 4096, 8192)]
enumeriert 486 -> 342 zu messen (144 verworfen)
best 62.49 TFLOPS | A: m_prim=128 n_prim=128 k_prim=64 m_l2=8 n_l2=4, Default 60.6 -> Gewinn 1.032x
342 ok, 0 fehlgeschlagen/inkorrekt   Sweep-Wall-Clock 216.7 s

--- small_k  (klein-K (bandbreite)) ---
einsum cmk, ckn -> cmn  shapes [(1, 4096, 512), (1, 512, 4096)]
enumeriert 486 -> 342 zu messen (144 verworfen)
best 36.91 TFLOPS | A: m_prim=128 n_prim=128 k_prim=64 m_l2=4 n_l2=2, Default 36.4 -> Gewinn 1.014x
342 ok, 0 fehlgeschlagen/inkorrekt   Sweep-Wall-Clock 214.1 s

--- large_k  (gross-K (compute)) ---
einsum cmk, ckn -> cmn  shapes [(1, 1024, 8192), (1, 8192, 1024)]
enumeriert 486 -> 342 zu messen (144 verworfen)
best 47.50 TFLOPS | A: m_prim=64 n_prim=128 k_prim=128 m_l2=4 n_l2=8, Default 44.3 -> Gewinn 1.072x
342 ok, 0 fehlgeschlagen/inkorrekt   Sweep-Wall-Clock 234.2 s

--- krumm  (unteilbar (padding)) ---
einsum cmk, ckn -> cmn  shapes [(2, 1500, 1000), (2, 1000, 3000)]
enumeriert 486 -> 342 zu messen (144 verworfen)
best 42.44 TFLOPS | A: m_prim=128 n_prim=128 k_prim=64 m_l2=4 n_l2=4, Default 33.6 -> Gewinn 1.264x
342 ok, 0 fehlgeschlagen/inkorrekt   Sweep-Wall-Clock 88.3 s

--- batch16  (batch=16) ---
einsum cmk, ckn -> cmn  shapes [(16, 1024, 1024), (16, 1024, 1024)]
enumeriert 486 -> 342 zu messen (144 verworfen)
best 45.96 TFLOPS | A: m_prim=128 n_prim=128 k_prim=64 m_l2=8 n_l2=8, Default 46.0 -> Gewinn 1.000x
342 ok, 0 fehlgeschlagen/inkorrekt   Sweep-Wall-Clock 93.9 s

Gesamt-Wall-Clock aller Sweeps: 22.2 min
